<?xml version="1.0" encoding="UTF-8" standalone="no"?>
<!DOCTYPE log SYSTEM "logger.dtd">
<log>
<record>
  <date>2023-05-21T23:03:50</date>
  <millis>1684697630105</millis>
  <sequence>0</sequence>
  <logger>com.javacodegeeks.snippets.core</logger>
  <level>WARNING</level>
  <class>SmartCityFXMLController</class>
  <method>adminLogin</method>
  <thread>12</thread>
  <message>warning message</message>
</record>
</log>
<?xml version="1.0" encoding="UTF-8" standalone="no"?>
<!DOCTYPE log SYSTEM "logger.dtd">
<log>
<record>
  <date>2023-05-21T23:13:22</date>
  <millis>1684698202238</millis>
  <sequence>0</sequence>
  <logger>com.javacodegeeks.snippets.core</logger>
  <level>WARNING</level>
  <class>SmartCityFXMLController</class>
  <method>adminLogin</method>
  <thread>12</thread>
  <message>warning messagejavafx.fxml.LoadException: 
file:/C:/Users/MARYAM/Desktop/SmartCity-Project/SmartCity/dist/run441687764/SmartCity.jar!/AdminPanel.fxml
</message>
</record>
</log>
<?xml version="1.0" encoding="UTF-8" standalone="no"?>
<!DOCTYPE log SYSTEM "logger.dtd">
<log>
<record>
  <date>2023-05-21T23:16:27</date>
  <millis>1684698387805</millis>
  <sequence>0</sequence>
  <logger>com.javacodegeeks.snippets.core</logger>
  <level>WARNING</level>
  <class>SmartCityFXMLController</class>
  <method>adminLogin</method>
  <thread>12</thread>
  <message>warning messagejavafx.fxml.LoadException: 
file:/C:/Users/MARYAM/Desktop/SmartCity-Project/SmartCity/dist/run1801898425/SmartCity.jar!/AdminPanel.fxml
</message>
</record>
</log>
<?xml version="1.0" encoding="UTF-8" standalone="no"?>
<!DOCTYPE log SYSTEM "logger.dtd">
<log>
<record>
  <date>2023-05-21T23:20:31</date>
  <millis>1684698631646</millis>
  <sequence>0</sequence>
  <logger>com.javacodegeeks.snippets.core</logger>
  <level>WARNING</level>
  <class>SmartCityFXMLController</class>
  <method>adminLogin</method>
  <thread>12</thread>
  <message>warning messagejavafx.fxml.LoadException: 
file:/C:/Users/MARYAM/Desktop/SmartCity-Project/SmartCity/dist/run1965497057/SmartCity.jar!/AdminPanel.fxml
</message>
</record>
</log>
<?xml version="1.0" encoding="UTF-8" standalone="no"?>
<!DOCTYPE log SYSTEM "logger.dtd">
<log>
<record>
  <date>2023-05-22T00:01:35</date>
  <millis>1684701095346</millis>
  <sequence>0</sequence>
  <logger>com.javacodegeeks.snippets.core</logger>
  <level>WARNING</level>
  <class>SmartCityFXMLController</class>
  <method>adminLogin</method>
  <thread>12</thread>
  <message>warning messagejavafx.fxml.LoadException: 
file:/C:/Users/MARYAM/Desktop/SmartCity-Project/SmartCity/dist/run1220619887/SmartCity.jar!/AdminPanel.fxml
</message>
</record>
<?xml version="1.0" encoding="UTF-8" standalone="no"?>
<!DOCTYPE log SYSTEM "logger.dtd">
<log>
<record>
  <date>2023-05-22T00:04:45</date>
  <millis>1684701285499</millis>
  <sequence>0</sequence>
  <logger>com.javacodegeeks.snippets.core</logger>
  <level>WARNING</level>
  <class>SmartCityFXMLController</class>
  <method>adminLogin</method>
  <thread>12</thread>
  <message>warning messagejavafx.fxml.LoadException: 
file:/C:/Users/MARYAM/Desktop/SmartCity-Project/SmartCity/dist/run2019453257/SmartCity.jar!/AdminPanel.fxml
</message>
</record>
</log>
<?xml version="1.0" encoding="UTF-8" standalone="no"?>
<!DOCTYPE log SYSTEM "logger.dtd">
<log>
<record>
  <date>2023-05-22T00:08:43</date>
  <millis>1684701523943</millis>
  <sequence>0</sequence>
  <logger>com.javacodegeeks.snippets.core</logger>
  <level>WARNING</level>
  <class>SmartCityFXMLController</class>
  <method>adminLogin</method>
  <thread>12</thread>
  <message>warning messagejavafx.fxml.LoadException: 
file:/C:/Users/MARYAM/Desktop/SmartCity-Project/SmartCity/dist/run744723063/SmartCity.jar!/AdminPanel.fxml
</message>
</record>
</log>
<?xml version="1.0" encoding="UTF-8" standalone="no"?>
<!DOCTYPE log SYSTEM "logger.dtd">
<log>
<record>
  <date>2023-05-22T00:19:35</date>
  <millis>1684702175918</millis>
  <sequence>0</sequence>
  <logger>com.javacodegeeks.snippets.core</logger>
  <level>WARNING</level>
  <class>SmartCityFXMLController</class>
  <method>adminLogin</method>
  <thread>12</thread>
  <message>warning messagejavafx.fxml.LoadException: 
file:/C:/Users/MARYAM/Desktop/SmartCity-Project/SmartCity/dist/run1481619317/SmartCity.jar!/AdminPanel.fxml
</message>
</record>
</log>
<?xml version="1.0" encoding="UTF-8" standalone="no"?>
<!DOCTYPE log SYSTEM "logger.dtd">
<log>
<record>
  <date>2023-05-22T00:29:15</date>
  <millis>1684702755597</millis>
  <sequence>0</sequence>
  <logger>com.javacodegeeks.snippets.core</logger>
  <level>WARNING</level>
  <class>SmartCityFXMLController</class>
  <method>adminLogin</method>
  <thread>12</thread>
  <message>warning messagejavafx.fxml.LoadException: 
file:/C:/Users/MARYAM/Desktop/SmartCity-Project/SmartCity/dist/run1233248039/SmartCity.jar!/AdminPanel.fxml
</message>
</record>
</log>
<?xml version="1.0" encoding="UTF-8" standalone="no"?>
<!DOCTYPE log SYSTEM "logger.dtd">
<log>
<record>
  <date>2023-05-22T00:30:44</date>
  <millis>1684702844320</millis>
  <sequence>0</sequence>
  <logger>com.javacodegeeks.snippets.core</logger>
  <level>WARNING</level>
  <class>SmartCityFXMLController</class>
  <method>adminLogin</method>
  <thread>12</thread>
  <message>warning messagejavafx.fxml.LoadException: 
file:/C:/Users/MARYAM/Desktop/SmartCity-Project/SmartCity/dist/run1541321448/SmartCity.jar!/AdminPanel.fxml
</message>
</record>
</log>
<?xml version="1.0" encoding="UTF-8" standalone="no"?>
<!DOCTYPE log SYSTEM "logger.dtd">
<log>
<record>
  <date>2023-05-22T00:32:01</date>
  <millis>1684702921015</millis>
  <sequence>0</sequence>
  <logger>com.javacodegeeks.snippets.core</logger>
  <level>WARNING</level>
  <class>SmartCityFXMLController</class>
  <method>adminLogin</method>
  <thread>12</thread>
  <message>warning messagejavafx.fxml.LoadException: 
file:/C:/Users/MARYAM/Desktop/SmartCity-Project/SmartCity/dist/run970202700/SmartCity.jar!/AdminPanel.fxml
</message>
</record>
</log>
<?xml version="1.0" encoding="UTF-8" standalone="no"?>
<!DOCTYPE log SYSTEM "logger.dtd">
<log>
<record>
  <date>2023-05-22T00:34:04</date>
  <millis>1684703044052</millis>
  <sequence>0</sequence>
  <logger>com.javacodegeeks.snippets.core</logger>
  <level>WARNING</level>
  <class>SmartCityFXMLController</class>
  <method>adminLogin</method>
  <thread>12</thread>
  <message>warning messagejavafx.fxml.LoadException: 
file:/C:/Users/MARYAM/Desktop/SmartCity-Project/SmartCity/dist/run15142699/SmartCity.jar!/AdminPanel.fxml
</message>
</record>
</log>
<?xml version="1.0" encoding="UTF-8" standalone="no"?>
<!DOCTYPE log SYSTEM "logger.dtd">
<log>
<record>
  <date>2023-05-22T01:05:05</date>
  <millis>1684704905458</millis>
  <sequence>0</sequence>
  <logger>com.javacodegeeks.snippets.core</logger>
  <level>WARNING</level>
  <class>SmartCityFXMLController</class>
  <method>adminLogin</method>
  <thread>12</thread>
  <message>warning messagejavafx.fxml.LoadException: 
file:/C:/Users/MARYAM/Desktop/SmartCity-Project/SmartCity/dist/run648411953/SmartCity.jar!/AdminPanel.fxml
</message>
</record>
</log>
